// Jest Snapshot v1, https://goo.gl/fbAQLP

exports[`App page is working fine renders App 1`] = `
<div
  className="app-container"
>
  <div
    className="home-page"
  >
    <a
      className="home-link d-flex d-center"
      href="/characters"
      onClick={[Function]}
    >
      Characters
    </a>
  </div>
</div>
`;
